[call-of-duty-mobile-cheats-mod.hotmod.eu/index.html]
[call-of-duty-mobile-cheats-mod.hotmod.eu/style_content_locker.css]
[call-of-duty-mobile-cheats-mod.hotmod.eu/jquery_content_locker.js]
[backblue.gif]
[fade.gif]
[index.html]
[call-of-duty-mobile-cheats-mod.hotmod.eu/img/favicon.ico]
[maxcdn.bootstrapcdn.com/font-awesome/4.5.0/css/font-awesome.min.css]
[call-of-duty-mobile-cheats-mod.hotmod.eu/css/bootstrap.min.css]
[call-of-duty-mobile-cheats-mod.hotmod.eu/css/animate.css]
[call-of-duty-mobile-cheats-mod.hotmod.eu/css/sweetalert2.min.css]
[call-of-duty-mobile-cheats-mod.hotmod.eu/css/magnific-popup.css]
[call-of-duty-mobile-cheats-mod.hotmod.eu/css/fancySelect.css]
[call-of-duty-mobile-cheats-mod.hotmod.eu/css/style.css]
[call-of-duty-mobile-cheats-mod.hotmod.eu/img/logo.png]
[call-of-duty-mobile-cheats-mod.hotmod.eu/img/player.png]
[call-of-duty-mobile-cheats-mod.hotmod.eu/img/resource-1-img.png]
[call-of-duty-mobile-cheats-mod.hotmod.eu/img/resource-2-img.png]
[ajax.googleapis.com/ajax/libs/jquery/2.1.4/jquery.min.js]
[ajax.googleapis.com/ajax/libs/jqueryui/1.8.13/jquery-ui.min.js]
[call-of-duty-mobile-cheats-mod.hotmod.eu/js/bootstrap.min.js]
[call-of-duty-mobile-cheats-mod.hotmod.eu/js/jquery.countTo.js]
[call-of-duty-mobile-cheats-mod.hotmod.eu/js/sweetalert2.min.js]
[call-of-duty-mobile-cheats-mod.hotmod.eu/js/validator.min.js]
[call-of-duty-mobile-cheats-mod.hotmod.eu/js/com.js]
[call-of-duty-mobile-cheats-mod.hotmod.eu/js/form-scripts.js]
[call-of-duty-mobile-cheats-mod.hotmod.eu/js/jquery.magnific-popup.min.js]
[call-of-duty-mobile-cheats-mod.hotmod.eu/js/sticky.js]
[call-of-duty-mobile-cheats-mod.hotmod.eu/index.html]
[call-of-duty-mobile-cheats-mod.hotmod.eu/style_content_locker.html]
[call-of-duty-mobile-cheats-mod.hotmod.eu/jquery_content_locker.html]
[call-of-duty-mobile-cheats-mod.hotmod.eu/img/favicon.html]
[maxcdn.bootstrapcdn.com/font-awesome/4.5.0/css/font-awesome.min.css]
[call-of-duty-mobile-cheats-mod.hotmod.eu/js/main.js]
[call-of-duty-mobile-cheats-mod.hotmod.eu/fonts/glyphicons-halflings-regular.eot]
[call-of-duty-mobile-cheats-mod.hotmod.eu/fonts/glyphicons-halflings-regulard41dd41d.eot]
[call-of-duty-mobile-cheats-mod.hotmod.eu/fonts/glyphicons-halflings-regular-2.html]
[call-of-duty-mobile-cheats-mod.hotmod.eu/fonts/glyphicons-halflings-regular.woff]
[call-of-duty-mobile-cheats-mod.hotmod.eu/fonts/glyphicons-halflings-regular.ttf]
[call-of-duty-mobile-cheats-mod.hotmod.eu/fonts/glyphicons-halflings-regular.svg]
[call-of-duty-mobile-cheats-mod.hotmod.eu/css/bootstrap.min.css]
[call-of-duty-mobile-cheats-mod.hotmod.eu/css/animate.css]
[call-of-duty-mobile-cheats-mod.hotmod.eu/css/sweetalert2.min.css]
[call-of-duty-mobile-cheats-mod.hotmod.eu/css/magnific-popup.css]
[call-of-duty-mobile-cheats-mod.hotmod.eu/css/fancySelect.css]
[call-of-duty-mobile-cheats-mod.hotmod.eu/img/main-bg.jpg]
[call-of-duty-mobile-cheats-mod.hotmod.eu/img/btn-mini-left.png]
[call-of-duty-mobile-cheats-mod.hotmod.eu/img/btn-mini-right.png]
[call-of-duty-mobile-cheats-mod.hotmod.eu/img/btn-mini-center.png]
[call-of-duty-mobile-cheats-mod.hotmod.eu/img/btn-mini-disable-left.png]
[call-of-duty-mobile-cheats-mod.hotmod.eu/img/btn-mini-disable-right.png]
[call-of-duty-mobile-cheats-mod.hotmod.eu/img/btn-mini-disable-center.png]
[call-of-duty-mobile-cheats-mod.hotmod.eu/img/btn-generate-left.png]
[call-of-duty-mobile-cheats-mod.hotmod.eu/img/btn-generate-right.png]
[call-of-duty-mobile-cheats-mod.hotmod.eu/img/btn-generate-center.png]
[call-of-duty-mobile-cheats-mod.hotmod.eu/img/searching.html]
[call-of-duty-mobile-cheats-mod.hotmod.eu/css/style.css]
[call-of-duty-mobile-cheats-mod.hotmod.eu/Popover requires tooltip.js]
[call-of-duty-mobile-cheats-mod.hotmod.eu/js/bootstrap.min.js]
[call-of-duty-mobile-cheats-mod.hotmod.eu/js/jquery.countTo.js]
[call-of-duty-mobile-cheats-mod.hotmod.eu/js/sweetalert2.min.js]
[call-of-duty-mobile-cheats-mod.hotmod.eu/js/validator.min.js]
[call-of-duty-mobile-cheats-mod.hotmod.eu/js/com.js]
[call-of-duty-mobile-cheats-mod.hotmod.eu/js/form-scripts.js]
[call-of-duty-mobile-cheats-mod.hotmod.eu/js/jquery.magnific-popup.min.js]
[call-of-duty-mobile-cheats-mod.hotmod.eu/; path=/index.html]
[call-of-duty-mobile-cheats-mod.hotmod.eu/img/cf/US.png]
[call-of-duty-mobile-cheats-mod.hotmod.eu/img/cf/Germany.png]
[call-of-duty-mobile-cheats-mod.hotmod.eu/img/cf/Netherlands.png]
[call-of-duty-mobile-cheats-mod.hotmod.eu/img/cf/Sweden.png]
[call-of-duty-mobile-cheats-mod.hotmod.eu/img/cf/Australia.png]
[call-of-duty-mobile-cheats-mod.hotmod.eu/img/cf/France.png]
[call-of-duty-mobile-cheats-mod.hotmod.eu/img/cf/Switzerland.png]
[call-of-duty-mobile-cheats-mod.hotmod.eu/img/cf/Belgium.png]
[call-of-duty-mobile-cheats-mod.hotmod.eu/img/cf/Canada.png]
[call-of-duty-mobile-cheats-mod.hotmod.eu/img/cf/Denmark.png]
[call-of-duty-mobile-cheats-mod.hotmod.eu/img/cf/Italy.png]
[call-of-duty-mobile-cheats-mod.hotmod.eu/js/sticky.js]
[call-of-duty-mobile-cheats-mod.hotmod.eu/js/main.js]
[call-of-duty-mobile-cheats-mod.hotmod.eu/fonts/glyphicons-halflings-regular.html]
[call-of-duty-mobile-cheats-mod.hotmod.eu/fonts/glyphicons-halflings-regulard41dd41d.html]
[call-of-duty-mobile-cheats-mod.hotmod.eu/fonts/glyphicons-halflings-regular-2.html]
[call-of-duty-mobile-cheats-mod.hotmod.eu/fonts/glyphicons-halflings-regular-3.html]
[call-of-duty-mobile-cheats-mod.hotmod.eu/fonts/glyphicons-halflings-regular-4.html]
[call-of-duty-mobile-cheats-mod.hotmod.eu/fonts/glyphicons-halflings-regular-5.html]
[call-of-duty-mobile-cheats-mod.hotmod.eu/img/searching.html]
[call-of-duty-mobile-cheats-mod.hotmod.eu/Popover requires tooltip.html]
[call-of-duty-mobile-cheats-mod.hotmod.eu/; path=/index.html]
